Archive member included to satisfy reference by file (symbol)

c:/program files/microchip/xc8/v3.10/avr/bin/../lib/gcc/avr/5.4.0/../../../../avr/lib/avr5\libm.a(addsf3.o)
                              build/default/debug/API/core/VL53L1X_calibration.o (__subsf3)
c:/program files/microchip/xc8/v3.10/avr/bin/../lib/gcc/avr/5.4.0/../../../../avr/lib/avr5\libm.a(addsf3x.o)
                              c:/program files/microchip/xc8/v3.10/avr/bin/../lib/gcc/avr/5.4.0/../../../../avr/lib/avr5\libm.a(addsf3.o) (__addsf3x)
c:/program files/microchip/xc8/v3.10/avr/bin/../lib/gcc/avr/5.4.0/../../../../avr/lib/avr5\libm.a(divsf3.o)
                              build/default/debug/API/core/VL53L1X_api.o (__divsf3)
c:/program files/microchip/xc8/v3.10/avr/bin/../lib/gcc/avr/5.4.0/../../../../avr/lib/avr5\libm.a(divsf3x.o)
                              c:/program files/microchip/xc8/v3.10/avr/bin/../lib/gcc/avr/5.4.0/../../../../avr/lib/avr5\libm.a(divsf3.o) (__divsf3x)
c:/program files/microchip/xc8/v3.10/avr/bin/../lib/gcc/avr/5.4.0/../../../../avr/lib/avr5\libm.a(fixunssfsi.o)
                              build/default/debug/API/core/VL53L1X_api.o (__fixunssfsi)
c:/program files/microchip/xc8/v3.10/avr/bin/../lib/gcc/avr/5.4.0/../../../../avr/lib/avr5\libm.a(floatsisf.o)
                              build/default/debug/API/core/VL53L1X_api.o (__floatunsisf)
c:/program files/microchip/xc8/v3.10/avr/bin/../lib/gcc/avr/5.4.0/../../../../avr/lib/avr5\libm.a(fp_inf.o)
                              c:/program files/microchip/xc8/v3.10/avr/bin/../lib/gcc/avr/5.4.0/../../../../avr/lib/avr5\libm.a(addsf3x.o) (__fp_inf)
c:/program files/microchip/xc8/v3.10/avr/bin/../lib/gcc/avr/5.4.0/../../../../avr/lib/avr5\libm.a(fp_nan.o)
                              c:/program files/microchip/xc8/v3.10/avr/bin/../lib/gcc/avr/5.4.0/../../../../avr/lib/avr5\libm.a(addsf3x.o) (__fp_nan)
c:/program files/microchip/xc8/v3.10/avr/bin/../lib/gcc/avr/5.4.0/../../../../avr/lib/avr5\libm.a(fp_pscA.o)
                              c:/program files/microchip/xc8/v3.10/avr/bin/../lib/gcc/avr/5.4.0/../../../../avr/lib/avr5\libm.a(addsf3x.o) (__fp_pscA)
c:/program files/microchip/xc8/v3.10/avr/bin/../lib/gcc/avr/5.4.0/../../../../avr/lib/avr5\libm.a(fp_pscB.o)
                              c:/program files/microchip/xc8/v3.10/avr/bin/../lib/gcc/avr/5.4.0/../../../../avr/lib/avr5\libm.a(addsf3x.o) (__fp_pscB)
c:/program files/microchip/xc8/v3.10/avr/bin/../lib/gcc/avr/5.4.0/../../../../avr/lib/avr5\libm.a(fp_round.o)
                              c:/program files/microchip/xc8/v3.10/avr/bin/../lib/gcc/avr/5.4.0/../../../../avr/lib/avr5\libm.a(addsf3.o) (__fp_round)
c:/program files/microchip/xc8/v3.10/avr/bin/../lib/gcc/avr/5.4.0/../../../../avr/lib/avr5\libm.a(fp_split3.o)
                              c:/program files/microchip/xc8/v3.10/avr/bin/../lib/gcc/avr/5.4.0/../../../../avr/lib/avr5\libm.a(addsf3x.o) (__fp_split3)
c:/program files/microchip/xc8/v3.10/avr/bin/../lib/gcc/avr/5.4.0/../../../../avr/lib/avr5\libm.a(fp_zero.o)
                              c:/program files/microchip/xc8/v3.10/avr/bin/../lib/gcc/avr/5.4.0/../../../../avr/lib/avr5\libm.a(addsf3x.o) (__fp_zero)
c:/program files/microchip/xc8/v3.10/avr/bin/../lib/gcc/avr/5.4.0/../../../../avr/lib/avr5\libm.a(mulsf3.o)
                              build/default/debug/API/core/VL53L1X_api.o (__mulsf3)
c:/program files/microchip/xc8/v3.10/avr/bin/../lib/gcc/avr/5.4.0/../../../../avr/lib/avr5\libm.a(mulsf3x.o)
                              c:/program files/microchip/xc8/v3.10/avr/bin/../lib/gcc/avr/5.4.0/../../../../avr/lib/avr5\libm.a(mulsf3.o) (__mulsf3x)
c:/program files/microchip/xc8/v3.10/avr/bin/../lib/gcc/avr/5.4.0/avr5\libgcc.a(_divmodhi4.o)
                              build/default/debug/API/core/VL53L1X_calibration.o (__divmodhi4)
c:/program files/microchip/xc8/v3.10/avr/bin/../lib/gcc/avr/5.4.0/avr5\libgcc.a(_udivmodsi4.o)
                              build/default/debug/lcd.o (__udivmodsi4)
c:/program files/microchip/xc8/v3.10/avr/bin/../lib/gcc/avr/5.4.0/avr5\libgcc.a(_copy_data.o)
                              build/default/debug/lcd.o (__do_copy_data)
c:/program files/microchip/xc8/v3.10/avr/bin/../lib/gcc/avr/5.4.0/avr5\libgcc.a(_umulhisi3.o)
                              build/default/debug/test_main.o (__umulhisi3)
c:/program files/microchip/xc8/v3.10/avr/bin/../lib/gcc/avr/5.4.0/avr5\libgcc.a(_muluhisi3.o)
                              build/default/debug/test_main.o (__muluhisi3)
c:/program files/microchip/xc8/v3.10/avr/bin/../lib/gcc/avr/5.4.0/avr5\libgcc.a(_udivmodhi4.o)
                              c:/program files/microchip/xc8/v3.10/avr/bin/../lib/gcc/avr/5.4.0/avr5\libgcc.a(_divmodhi4.o) (__udivmodhi4)
c:/program files/microchip/xc8/v3.10/avr/bin/../lib/gcc/avr/5.4.0/../../../../avr/lib/avr5\libc.a(exit.o)
                              C:/Program Files/Microchip/MPLABX/v6.30/packs/Microchip/ATmega_DFP/3.5.296/xc8/avr/lib/avr5/crtatmega32u4.o (exit)
c:/program files/microchip/xc8/v3.10/avr/bin/../lib/gcc/avr/5.4.0/../../../../avr/lib/avr5\libc.a(_Exit.o)
                              c:/program files/microchip/xc8/v3.10/avr/bin/../lib/gcc/avr/5.4.0/../../../../avr/lib/avr5\libc.a(exit.o) (_Exit)
c:/program files/microchip/xc8/v3.10/avr/bin/../lib/gcc/avr/5.4.0/avr5\libgcc.a(_exit.o)
                              c:/program files/microchip/xc8/v3.10/avr/bin/../lib/gcc/avr/5.4.0/../../../../avr/lib/avr5\libc.a(_Exit.o) (_exit)

Discarded input sections

 .data          0x0000000000000000        0x0 C:/Program Files/Microchip/MPLABX/v6.30/packs/Microchip/ATmega_DFP/3.5.296/xc8/avr/lib/avr5/crtatmega32u4.o
 .bss           0x0000000000000000        0x0 C:/Program Files/Microchip/MPLABX/v6.30/packs/Microchip/ATmega_DFP/3.5.296/xc8/avr/lib/avr5/crtatmega32u4.o
 .text          0x0000000000000000        0x0 build/default/debug/lcd.o
 .data          0x0000000000000000        0x0 build/default/debug/lcd.o
 .bss           0x0000000000000000        0x0 build/default/debug/lcd.o
 .text.lcd_home
                0x0000000000000000       0x16 build/default/debug/lcd.o
 .text.lcd_print_fixed
                0x0000000000000000      0x12a build/default/debug/lcd.o
 .text          0x0000000000000000        0x0 build/default/debug/buttons.o
 .data          0x0000000000000000        0x0 build/default/debug/buttons.o
 .bss           0x0000000000000000        0x0 build/default/debug/buttons.o
 .text          0x0000000000000000        0x0 build/default/debug/i2c.o
 .data          0x0000000000000000        0x0 build/default/debug/i2c.o
 .bss           0x0000000000000000        0x0 build/default/debug/i2c.o
 .text.i2c_read_ack
                0x0000000000000000       0x16 build/default/debug/i2c.o
 .text.i2c_read_nack
                0x0000000000000000       0x16 build/default/debug/i2c.o
 .text.i2c_write_reg16
                0x0000000000000000       0x4c build/default/debug/i2c.o
 .text.i2c_read_reg16
                0x0000000000000000       0x66 build/default/debug/i2c.o
 .text.i2c_read_reg16_16
                0x0000000000000000       0x78 build/default/debug/i2c.o
 .text          0x0000000000000000        0x0 build/default/debug/test_main.o
 .data          0x0000000000000000        0x0 build/default/debug/test_main.o
 .bss           0x0000000000000000        0x0 build/default/debug/test_main.o
 .text          0x0000000000000000        0x0 build/default/debug/API/core/VL53L1X_api.o
 .data          0x0000000000000000        0x0 build/default/debug/API/core/VL53L1X_api.o
 .bss           0x0000000000000000        0x0 build/default/debug/API/core/VL53L1X_api.o
 .text.VL53L1X_GetSWVersion
                0x0000000000000000       0x18 build/default/debug/API/core/VL53L1X_api.o
 .text.VL53L1X_SetI2CAddress
                0x0000000000000000        0xe build/default/debug/API/core/VL53L1X_api.o
 .text.VL53L1X_ClearInterrupt
                0x0000000000000000        0xc build/default/debug/API/core/VL53L1X_api.o
 .text.VL53L1X_SetInterruptPolarity
                0x0000000000000000       0x54 build/default/debug/API/core/VL53L1X_api.o
 .text.VL53L1X_GetInterruptPolarity
                0x0000000000000000       0x36 build/default/debug/API/core/VL53L1X_api.o
 .text.VL53L1X_StartRanging
                0x0000000000000000        0xc build/default/debug/API/core/VL53L1X_api.o
 .text.VL53L1X_StopRanging
                0x0000000000000000        0xc build/default/debug/API/core/VL53L1X_api.o
 .text.VL53L1X_CheckForDataReady
                0x0000000000000000       0x62 build/default/debug/API/core/VL53L1X_api.o
 .text.VL53L1X_SensorInit
                0x0000000000000000       0xf0 build/default/debug/API/core/VL53L1X_api.o
 .text.VL53L1X_GetTimingBudgetInMs
                0x0000000000000000       0xf6 build/default/debug/API/core/VL53L1X_api.o
 .text.VL53L1X_GetDistanceMode
                0x0000000000000000       0x4a build/default/debug/API/core/VL53L1X_api.o
 .text.VL53L1X_SetTimingBudgetInMs
                0x0000000000000000      0x24e build/default/debug/API/core/VL53L1X_api.o
 .text.VL53L1X_SetDistanceMode
                0x0000000000000000       0xf8 build/default/debug/API/core/VL53L1X_api.o
 .text.VL53L1X_SetInterMeasurementInMs
                0x0000000000000000       0x7c build/default/debug/API/core/VL53L1X_api.o
 .text.VL53L1X_GetInterMeasurementInMs
                0x0000000000000000       0xb6 build/default/debug/API/core/VL53L1X_api.o
 .text.VL53L1X_BootState
                0x0000000000000000       0x32 build/default/debug/API/core/VL53L1X_api.o
 .text.VL53L1X_GetSensorId
                0x0000000000000000       0x3a build/default/debug/API/core/VL53L1X_api.o
 .text.VL53L1X_GetDistance
                0x0000000000000000       0x36 build/default/debug/API/core/VL53L1X_api.o
 .text.VL53L1X_GetSignalPerSpad
                0x0000000000000000       0xb0 build/default/debug/API/core/VL53L1X_api.o
 .text.VL53L1X_GetAmbientPerSpad
                0x0000000000000000       0xb0 build/default/debug/API/core/VL53L1X_api.o
 .text.VL53L1X_GetSignalRate
                0x0000000000000000       0x42 build/default/debug/API/core/VL53L1X_api.o
 .text.VL53L1X_GetSpadNb
                0x0000000000000000       0x34 build/default/debug/API/core/VL53L1X_api.o
 .text.VL53L1X_GetAmbientRate
                0x0000000000000000       0x42 build/default/debug/API/core/VL53L1X_api.o
 .text.VL53L1X_GetRangeStatus
                0x0000000000000000       0x44 build/default/debug/API/core/VL53L1X_api.o
 .text.VL53L1X_GetResult
                0x0000000000000000       0xc2 build/default/debug/API/core/VL53L1X_api.o
 .text.VL53L1X_SetOffset
                0x0000000000000000       0x44 build/default/debug/API/core/VL53L1X_api.o
 .text.VL53L1X_GetOffset
                0x0000000000000000       0x64 build/default/debug/API/core/VL53L1X_api.o
 .text.VL53L1X_SetXtalk
                0x0000000000000000       0x6a build/default/debug/API/core/VL53L1X_api.o
 .text.VL53L1X_GetXtalk
                0x0000000000000000       0x34 build/default/debug/API/core/VL53L1X_api.o
 .text.VL53L1X_SetDistanceThreshold
                0x0000000000000000       0x90 build/default/debug/API/core/VL53L1X_api.o
 .text.VL53L1X_GetDistanceThresholdWindow
                0x0000000000000000       0x36 build/default/debug/API/core/VL53L1X_api.o
 .text.VL53L1X_GetDistanceThresholdLow
                0x0000000000000000       0x36 build/default/debug/API/core/VL53L1X_api.o
 .text.VL53L1X_GetDistanceThresholdHigh
                0x0000000000000000       0x36 build/default/debug/API/core/VL53L1X_api.o
 .text.VL53L1X_SetROICenter
                0x0000000000000000        0xc build/default/debug/API/core/VL53L1X_api.o
 .text.VL53L1X_GetROICenter
                0x0000000000000000       0x30 build/default/debug/API/core/VL53L1X_api.o
 .text.VL53L1X_SetROI
                0x0000000000000000       0xac build/default/debug/API/core/VL53L1X_api.o
 .text.VL53L1X_GetROI_XY
                0x0000000000000000       0x56 build/default/debug/API/core/VL53L1X_api.o
 .text.VL53L1X_SetSignalThreshold
                0x0000000000000000       0x18 build/default/debug/API/core/VL53L1X_api.o
 .text.VL53L1X_GetSignalThreshold
                0x0000000000000000       0x42 build/default/debug/API/core/VL53L1X_api.o
 .text.VL53L1X_SetSigmaThreshold
                0x0000000000000000       0x20 build/default/debug/API/core/VL53L1X_api.o
 .text.VL53L1X_GetSigmaThreshold
                0x0000000000000000       0x3e build/default/debug/API/core/VL53L1X_api.o
 .text.VL53L1X_StartTemperatureUpdate
                0x0000000000000000       0xc0 build/default/debug/API/core/VL53L1X_api.o
 .rodata.status_rtn
                0x0000000000000000       0x18 build/default/debug/API/core/VL53L1X_api.o
 .rodata.VL51L1X_DEFAULT_CONFIGURATION
                0x0000000000000000       0x5b build/default/debug/API/core/VL53L1X_api.o
 .debug_info    0x0000000000000000     0x2a4e build/default/debug/API/core/VL53L1X_api.o
 .debug_abbrev  0x0000000000000000      0x1c8 build/default/debug/API/core/VL53L1X_api.o
 .debug_loc     0x0000000000000000     0x1a1a build/default/debug/API/core/VL53L1X_api.o
 .debug_aranges
                0x0000000000000000      0x168 build/default/debug/API/core/VL53L1X_api.o
 .debug_ranges  0x0000000000000000      0x158 build/default/debug/API/core/VL53L1X_api.o
 .debug_line    0x0000000000000000      0xa44 build/default/debug/API/core/VL53L1X_api.o
 .debug_str     0x0000000000000000       0xab build/default/debug/API/core/VL53L1X_api.o
 .comment       0x0000000000000000       0x30 build/default/debug/API/core/VL53L1X_api.o
 .debug_frame   0x0000000000000000      0x770 build/default/debug/API/core/VL53L1X_api.o
 .text          0x0000000000000000        0x0 build/default/debug/API/core/VL53L1X_calibration.o
 .data          0x0000000000000000        0x0 build/default/debug/API/core/VL53L1X_calibration.o
 .bss           0x0000000000000000        0x0 build/default/debug/API/core/VL53L1X_calibration.o
 .text.VL53L1X_CalibrateOffset
                0x0000000000000000      0x130 build/default/debug/API/core/VL53L1X_calibration.o
 .text.VL53L1X_CalibrateXtalk
                0x0000000000000000      0x248 build/default/debug/API/core/VL53L1X_calibration.o
 .debug_info    0x0000000000000000      0x839 build/default/debug/API/core/VL53L1X_calibration.o
 .debug_abbrev  0x0000000000000000      0x10c build/default/debug/API/core/VL53L1X_calibration.o
 .debug_loc     0x0000000000000000      0x4db build/default/debug/API/core/VL53L1X_calibration.o
 .debug_aranges
                0x0000000000000000       0x28 build/default/debug/API/core/VL53L1X_calibration.o
 .debug_ranges  0x0000000000000000       0x18 build/default/debug/API/core/VL53L1X_calibration.o
 .debug_line    0x0000000000000000      0x256 build/default/debug/API/core/VL53L1X_calibration.o
 .debug_str     0x0000000000000000       0xea build/default/debug/API/core/VL53L1X_calibration.o
 .comment       0x0000000000000000       0x30 build/default/debug/API/core/VL53L1X_calibration.o
 .debug_frame   0x0000000000000000       0xd8 build/default/debug/API/core/VL53L1X_calibration.o
 .text          0x0000000000000000        0x0 build/default/debug/API/platform/vl53l1_platform.o
 .data          0x0000000000000000        0x0 build/default/debug/API/platform/vl53l1_platform.o
 .bss           0x0000000000000000        0x0 build/default/debug/API/platform/vl53l1_platform.o
 .text.VL53L1_WriteMulti
                0x0000000000000000        0x4 build/default/debug/API/platform/vl53l1_platform.o
 .text.VL53L1_ReadMulti
                0x0000000000000000        0x4 build/default/debug/API/platform/vl53l1_platform.o
 .text.VL53L1_WrByte
                0x0000000000000000        0x4 build/default/debug/API/platform/vl53l1_platform.o
 .text.VL53L1_WrWord
                0x0000000000000000        0x4 build/default/debug/API/platform/vl53l1_platform.o
 .text.VL53L1_WrDWord
                0x0000000000000000        0x4 build/default/debug/API/platform/vl53l1_platform.o
 .text.VL53L1_RdByte
                0x0000000000000000        0x4 build/default/debug/API/platform/vl53l1_platform.o
 .text.VL53L1_RdWord
                0x0000000000000000        0x4 build/default/debug/API/platform/vl53l1_platform.o
 .text.VL53L1_RdDWord
                0x0000000000000000        0x4 build/default/debug/API/platform/vl53l1_platform.o
 .text.VL53L1_WaitMs
                0x0000000000000000        0x4 build/default/debug/API/platform/vl53l1_platform.o
 .debug_info    0x0000000000000000      0x692 build/default/debug/API/platform/vl53l1_platform.o
 .debug_abbrev  0x0000000000000000       0xb6 build/default/debug/API/platform/vl53l1_platform.o
 .debug_loc     0x0000000000000000      0x156 build/default/debug/API/platform/vl53l1_platform.o
 .debug_aranges
                0x0000000000000000       0x60 build/default/debug/API/platform/vl53l1_platform.o
 .debug_ranges  0x0000000000000000       0x50 build/default/debug/API/platform/vl53l1_platform.o
 .debug_line    0x0000000000000000      0x14d build/default/debug/API/platform/vl53l1_platform.o
 .debug_str     0x0000000000000000       0x12 build/default/debug/API/platform/vl53l1_platform.o
 .comment       0x0000000000000000       0x30 build/default/debug/API/platform/vl53l1_platform.o
 .debug_frame   0x0000000000000000       0xa4 build/default/debug/API/platform/vl53l1_platform.o
 .text          0x0000000000000000        0xe c:/program files/microchip/xc8/v3.10/avr/bin/../lib/gcc/avr/5.4.0/../../../../avr/lib/avr5\libm.a(addsf3.o)
 .data          0x0000000000000000        0x0 c:/program files/microchip/xc8/v3.10/avr/bin/../lib/gcc/avr/5.4.0/../../../../avr/lib/avr5\libm.a(addsf3.o)
 .bss           0x0000000000000000        0x0 c:/program files/microchip/xc8/v3.10/avr/bin/../lib/gcc/avr/5.4.0/../../../../avr/lib/avr5\libm.a(addsf3.o)
 .stack.descriptors.hdr
                0x0000000000000000        0xe c:/program files/microchip/xc8/v3.10/avr/bin/../lib/gcc/avr/5.4.0/../../../../avr/lib/avr5\libm.a(addsf3.o)
 .stack.descriptors
                0x0000000000000000       0x2c c:/program files/microchip/xc8/v3.10/avr/bin/../lib/gcc/avr/5.4.0/../../../../avr/lib/avr5\libm.a(addsf3.o)
 .note.GNU-stack
                0x0000000000000000        0x0 c:/program files/microchip/xc8/v3.10/avr/bin/../lib/gcc/avr/5.4.0/../../../../avr/lib/avr5\libm.a(addsf3.o)
 .text          0x0000000000000000       0xce c:/program files/microchip/xc8/v3.10/avr/bin/../lib/gcc/avr/5.4.0/../../../../avr/lib/avr5\libm.a(addsf3x.o)
 .data          0x0000000000000000        0x0 c:/program files/microchip/xc8/v3.10/avr/bin/../lib/gcc/avr/5.4.0/../../../../avr/lib/avr5\libm.a(addsf3x.o)
 .bss           0x0000000000000000        0x0 c:/program files/microchip/xc8/v3.10/avr/bin/../lib/gcc/avr/5.4.0/../../../../avr/lib/avr5\libm.a(addsf3x.o)
 .stack.descriptors.hdr
                0x0000000000000000        0xe c:/program files/microchip/xc8/v3.10/avr/bin/../lib/gcc/avr/5.4.0/../../../../avr/lib/avr5\libm.a(addsf3x.o)
 .stack.descriptors
                0x0000000000000000       0x17 c:/program files/microchip/xc8/v3.10/avr/bin/../lib/gcc/avr/5.4.0/../../../../avr/lib/avr5\libm.a(addsf3x.o)
 .note.GNU-stack
                0x0000000000000000        0x0 c:/program files/microchip/xc8/v3.10/avr/bin/../lib/gcc/avr/5.4.0/../../../../avr/lib/avr5\libm.a(addsf3x.o)
 .text          0x0000000000000000        0x8 c:/program files/microchip/xc8/v3.10/avr/bin/../lib/gcc/avr/5.4.0/../../../../avr/lib/avr5\libm.a(divsf3.o)
 .data          0x0000000000000000        0x0 c:/program files/microchip/xc8/v3.10/avr/bin/../lib/gcc/avr/5.4.0/../../../../avr/lib/avr5\libm.a(divsf3.o)
 .bss           0x0000000000000000        0x0 c:/program files/microchip/xc8/v3.10/avr/bin/../lib/gcc/avr/5.4.0/../../../../avr/lib/avr5\libm.a(divsf3.o)
 .stack.descriptors.hdr
                0x0000000000000000        0xe c:/program files/microchip/xc8/v3.10/avr/bin/../lib/gcc/avr/5.4.0/../../../../avr/lib/avr5\libm.a(divsf3.o)
 .stack.descriptors
                0x0000000000000000       0x16 c:/program files/microchip/xc8/v3.10/avr/bin/../lib/gcc/avr/5.4.0/../../../../avr/lib/avr5\libm.a(divsf3.o)
 .note.GNU-stack
                0x0000000000000000        0x0 c:/program files/microchip/xc8/v3.10/avr/bin/../lib/gcc/avr/5.4.0/../../../../avr/lib/avr5\libm.a(divsf3.o)
 .text          0x0000000000000000       0xde c:/program files/microchip/xc8/v3.10/avr/bin/../lib/gcc/avr/5.4.0/../../../../avr/lib/avr5\libm.a(divsf3x.o)
 .data          0x0000000000000000        0x0 c:/program files/microchip/xc8/v3.10/avr/bin/../lib/gcc/avr/5.4.0/../../../../avr/lib/avr5\libm.a(divsf3x.o)
 .bss           0x0000000000000000        0x0 c:/program files/microchip/xc8/v3.10/avr/bin/../lib/gcc/avr/5.4.0/../../../../avr/lib/avr5\libm.a(divsf3x.o)
 .stack.descriptors.hdr
                0x0000000000000000        0xe c:/program files/microchip/xc8/v3.10/avr/bin/../lib/gcc/avr/5.4.0/../../../../avr/lib/avr5\libm.a(divsf3x.o)
 .stack.descriptors
                0x0000000000000000       0x31 c:/program files/microchip/xc8/v3.10/avr/bin/../lib/gcc/avr/5.4.0/../../../../avr/lib/avr5\libm.a(divsf3x.o)
 .note.GNU-stack
                0x0000000000000000        0x0 c:/program files/microchip/xc8/v3.10/avr/bin/../lib/gcc/avr/5.4.0/../../../../avr/lib/avr5\libm.a(divsf3x.o)
 .text          0x0000000000000000       0x5e c:/program files/microchip/xc8/v3.10/avr/bin/../lib/gcc/avr/5.4.0/../../../../avr/lib/avr5\libm.a(fixunssfsi.o)
 .data          0x0000000000000000        0x0 c:/program files/microchip/xc8/v3.10/avr/bin/../lib/gcc/avr/5.4.0/../../../../avr/lib/avr5\libm.a(fixunssfsi.o)
 .bss           0x0000000000000000        0x0 c:/program files/microchip/xc8/v3.10/avr/bin/../lib/gcc/avr/5.4.0/../../../../avr/lib/avr5\libm.a(fixunssfsi.o)
 .stack.descriptors.hdr
                0x0000000000000000        0xe c:/program files/microchip/xc8/v3.10/avr/bin/../lib/gcc/avr/5.4.0/../../../../avr/lib/avr5\libm.a(fixunssfsi.o)
 .stack.descriptors
                0x0000000000000000       0x1a c:/program files/microchip/xc8/v3.10/avr/bin/../lib/gcc/avr/5.4.0/../../../../avr/lib/avr5\libm.a(fixunssfsi.o)
 .note.GNU-stack
                0x0000000000000000        0x0 c:/program files/microchip/xc8/v3.10/avr/bin/../lib/gcc/avr/5.4.0/../../../../avr/lib/avr5\libm.a(fixunssfsi.o)
 .text          0x0000000000000000       0x7a c:/program files/microchip/xc8/v3.10/avr/bin/../lib/gcc/avr/5.4.0/../../../../avr/lib/avr5\libm.a(floatsisf.o)
 .data          0x0000000000000000        0x0 c:/program files/microchip/xc8/v3.10/avr/bin/../lib/gcc/avr/5.4.0/../../../../avr/lib/avr5\libm.a(floatsisf.o)
 .bss           0x0000000000000000        0x0 c:/program files/microchip/xc8/v3.10/avr/bin/../lib/gcc/avr/5.4.0/../../../../avr/lib/avr5\libm.a(floatsisf.o)
 .stack.descriptors.hdr
                0x0000000000000000        0xe c:/program files/microchip/xc8/v3.10/avr/bin/../lib/gcc/avr/5.4.0/../../../../avr/lib/avr5\libm.a(floatsisf.o)
 .stack.descriptors
                0x0000000000000000       0x34 c:/program files/microchip/xc8/v3.10/avr/bin/../lib/gcc/avr/5.4.0/../../../../avr/lib/avr5\libm.a(floatsisf.o)
 .note.GNU-stack
                0x0000000000000000        0x0 c:/program files/microchip/xc8/v3.10/avr/bin/../lib/gcc/avr/5.4.0/../../../../avr/lib/avr5\libm.a(floatsisf.o)
 .text          0x0000000000000000        0xc c:/program files/microchip/xc8/v3.10/avr/bin/../lib/gcc/avr/5.4.0/../../../../avr/lib/avr5\libm.a(fp_inf.o)
 .data          0x0000000000000000        0x0 c:/program files/microchip/xc8/v3.10/avr/bin/../lib/gcc/avr/5.4.0/../../../../avr/lib/avr5\libm.a(fp_inf.o)
 .bss           0x0000000000000000        0x0 c:/program files/microchip/xc8/v3.10/avr/bin/../lib/gcc/avr/5.4.0/../../../../avr/lib/avr5\libm.a(fp_inf.o)
 .stack.descriptors.hdr
                0x0000000000000000        0xe c:/program files/microchip/xc8/v3.10/avr/bin/../lib/gcc/avr/5.4.0/../../../../avr/lib/avr5\libm.a(fp_inf.o)
 .stack.descriptors
                0x0000000000000000       0x16 c:/program files/microchip/xc8/v3.10/avr/bin/../lib/gcc/avr/5.4.0/../../../../avr/lib/avr5\libm.a(fp_inf.o)
 .note.GNU-stack
                0x0000000000000000        0x0 c:/program files/microchip/xc8/v3.10/avr/bin/../lib/gcc/avr/5.4.0/../../../../avr/lib/avr5\libm.a(fp_inf.o)
 .text          0x0000000000000000        0x6 c:/program files/microchip/xc8/v3.10/avr/bin/../lib/gcc/avr/5.4.0/../../../../avr/lib/avr5\libm.a(fp_nan.o)
 .data          0x0000000000000000        0x0 c:/program files/microchip/xc8/v3.10/avr/bin/../lib/gcc/avr/5.4.0/../../../../avr/lib/avr5\libm.a(fp_nan.o)
 .bss           0x0000000000000000        0x0 c:/program files/microchip/xc8/v3.10/avr/bin/../lib/gcc/avr/5.4.0/../../../../avr/lib/avr5\libm.a(fp_nan.o)
 .stack.descriptors.hdr
                0x0000000000000000        0xe c:/program files/microchip/xc8/v3.10/avr/bin/../lib/gcc/avr/5.4.0/../../../../avr/lib/avr5\libm.a(fp_nan.o)
 .stack.descriptors
                0x0000000000000000       0x16 c:/program files/microchip/xc8/v3.10/avr/bin/../lib/gcc/avr/5.4.0/../../../../avr/lib/avr5\libm.a(fp_nan.o)
 .note.GNU-stack
                0x0000000000000000        0x0 c:/program files/microchip/xc8/v3.10/avr/bin/../lib/gcc/avr/5.4.0/../../../../avr/lib/avr5\libm.a(fp_nan.o)
 .text          0x0000000000000000        0xe c:/program files/microchip/xc8/v3.10/avr/bin/../lib/gcc/avr/5.4.0/../../../../avr/lib/avr5\libm.a(fp_pscA.o)
 .data          0x0000000000000000        0x0 c:/program files/microchip/xc8/v3.10/avr/bin/../lib/gcc/avr/5.4.0/../../../../avr/lib/avr5\libm.a(fp_pscA.o)
 .bss           0x0000000000000000        0x0 c:/program files/microchip/xc8/v3.10/avr/bin/../lib/gcc/avr/5.4.0/../../../../avr/lib/avr5\libm.a(fp_pscA.o)
 .stack.descriptors.hdr
                0x0000000000000000        0xe c:/program files/microchip/xc8/v3.10/avr/bin/../lib/gcc/avr/5.4.0/../../../../avr/lib/avr5\libm.a(fp_pscA.o)
 .stack.descriptors
                0x0000000000000000       0x17 c:/program files/microchip/xc8/v3.10/avr/bin/../lib/gcc/avr/5.4.0/../../../../avr/lib/avr5\libm.a(fp_pscA.o)
 .note.GNU-stack
                0x0000000000000000        0x0 c:/program files/microchip/xc8/v3.10/avr/bin/../lib/gcc/avr/5.4.0/../../../../avr/lib/avr5\libm.a(fp_pscA.o)
 .text          0x0000000000000000        0xe c:/program files/microchip/xc8/v3.10/avr/bin/../lib/gcc/avr/5.4.0/../../../../avr/lib/avr5\libm.a(fp_pscB.o)
 .data          0x0000000000000000        0x0 c:/program files/microchip/xc8/v3.10/avr/bin/../lib/gcc/avr/5.4.0/../../../../avr/lib/avr5\libm.a(fp_pscB.o)
 .bss           0x0000000000000000        0x0 c:/program files/microchip/xc8/v3.10/avr/bin/../lib/gcc/avr/5.4.0/../../../../avr/lib/avr5\libm.a(fp_pscB.o)
 .stack.descriptors.hdr
                0x0000000000000000        0xe c:/program files/microchip/xc8/v3.10/avr/bin/../lib/gcc/avr/5.4.0/../../../../avr/lib/avr5\libm.a(fp_pscB.o)
 .stack.descriptors
                0x0000000000000000       0x17 c:/program files/microchip/xc8/v3.10/avr/bin/../lib/gcc/avr/5.4.0/../../../../avr/lib/avr5\libm.a(fp_pscB.o)
 .note.GNU-stack
                0x0000000000000000        0x0 c:/program files/microchip/xc8/v3.10/avr/bin/../lib/gcc/avr/5.4.0/../../../../avr/lib/avr5\libm.a(fp_pscB.o)
 .text          0x0000000000000000       0x22 c:/program files/microchip/xc8/v3.10/avr/bin/../lib/gcc/avr/5.4.0/../../../../avr/lib/avr5\libm.a(fp_round.o)
 .data          0x0000000000000000        0x0 c:/program files/microchip/xc8/v3.10/avr/bin/../lib/gcc/avr/5.4.0/../../../../avr/lib/avr5\libm.a(fp_round.o)
 .bss           0x0000000000000000        0x0 c:/program files/microchip/xc8/v3.10/avr/bin/../lib/gcc/avr/5.4.0/../../../../avr/lib/avr5\libm.a(fp_round.o)
 .stack.descriptors.hdr
                0x0000000000000000        0xe c:/program files/microchip/xc8/v3.10/avr/bin/../lib/gcc/avr/5.4.0/../../../../avr/lib/avr5\libm.a(fp_round.o)
 .stack.descriptors
                0x0000000000000000       0x18 c:/program files/microchip/xc8/v3.10/avr/bin/../lib/gcc/avr/5.4.0/../../../../avr/lib/avr5\libm.a(fp_round.o)
 .note.GNU-stack
                0x0000000000000000        0x0 c:/program files/microchip/xc8/v3.10/avr/bin/../lib/gcc/avr/5.4.0/../../../../avr/lib/avr5\libm.a(fp_round.o)
 .text          0x0000000000000000       0x44 c:/program files/microchip/xc8/v3.10/avr/bin/../lib/gcc/avr/5.4.0/../../../../avr/lib/avr5\libm.a(fp_split3.o)
 .data          0x0000000000000000        0x0 c:/program files/microchip/xc8/v3.10/avr/bin/../lib/gcc/avr/5.4.0/../../../../avr/lib/avr5\libm.a(fp_split3.o)
 .bss           0x0000000000000000        0x0 c:/program files/microchip/xc8/v3.10/avr/bin/../lib/gcc/avr/5.4.0/../../../../avr/lib/avr5\libm.a(fp_split3.o)
 .stack.descriptors.hdr
                0x0000000000000000        0xe c:/program files/microchip/xc8/v3.10/avr/bin/../lib/gcc/avr/5.4.0/../../../../avr/lib/avr5\libm.a(fp_split3.o)
 .stack.descriptors
                0x0000000000000000       0x32 c:/program files/microchip/xc8/v3.10/avr/bin/../lib/gcc/avr/5.4.0/../../../../avr/lib/avr5\libm.a(fp_split3.o)
 .note.GNU-stack
                0x0000000000000000        0x0 c:/program files/microchip/xc8/v3.10/avr/bin/../lib/gcc/avr/5.4.0/../../../../avr/lib/avr5\libm.a(fp_split3.o)
 .text          0x0000000000000000        0xe c:/program files/microchip/xc8/v3.10/avr/bin/../lib/gcc/avr/5.4.0/../../../../avr/lib/avr5\libm.a(fp_zero.o)
 .data          0x0000000000000000        0x0 c:/program files/microchip/xc8/v3.10/avr/bin/../lib/gcc/avr/5.4.0/../../../../avr/lib/avr5\libm.a(fp_zero.o)
 .bss           0x0000000000000000        0x0 c:/program files/microchip/xc8/v3.10/avr/bin/../lib/gcc/avr/5.4.0/../../../../avr/lib/avr5\libm.a(fp_zero.o)
 .stack.descriptors.hdr
                0x0000000000000000        0xe c:/program files/microchip/xc8/v3.10/avr/bin/../lib/gcc/avr/5.4.0/../../../../avr/lib/avr5\libm.a(fp_zero.o)
 .stack.descriptors
                0x0000000000000000       0x2f c:/program files/microchip/xc8/v3.10/avr/bin/../lib/gcc/avr/5.4.0/../../../../avr/lib/avr5\libm.a(fp_zero.o)
 .note.GNU-stack
                0x0000000000000000        0x0 c:/program files/microchip/xc8/v3.10/avr/bin/../lib/gcc/avr/5.4.0/../../../../avr/lib/avr5\libm.a(fp_zero.o)
 .text          0x0000000000000000        0x8 c:/program files/microchip/xc8/v3.10/avr/bin/../lib/gcc/avr/5.4.0/../../../../avr/lib/avr5\libm.a(mulsf3.o)
 .data          0x0000000000000000        0x0 c:/program files/microchip/xc8/v3.10/avr/bin/../lib/gcc/avr/5.4.0/../../../../avr/lib/avr5\libm.a(mulsf3.o)
 .bss           0x0000000000000000        0x0 c:/program files/microchip/xc8/v3.10/avr/bin/../lib/gcc/avr/5.4.0/../../../../avr/lib/avr5\libm.a(mulsf3.o)
 .stack.descriptors.hdr
                0x0000000000000000        0xe c:/program files/microchip/xc8/v3.10/avr/bin/../lib/gcc/avr/5.4.0/../../../../avr/lib/avr5\libm.a(mulsf3.o)
 .stack.descriptors
                0x0000000000000000       0x16 c:/program files/microchip/xc8/v3.10/avr/bin/../lib/gcc/avr/5.4.0/../../../../avr/lib/avr5\libm.a(mulsf3.o)
 .note.GNU-stack
                0x0000000000000000        0x0 c:/program files/microchip/xc8/v3.10/avr/bin/../lib/gcc/avr/5.4.0/../../../../avr/lib/avr5\libm.a(mulsf3.o)
 .text          0x0000000000000000       0xd4 c:/program files/microchip/xc8/v3.10/avr/bin/../lib/gcc/avr/5.4.0/../../../../avr/lib/avr5\libm.a(mulsf3x.o)
 .data          0x0000000000000000        0x0 c:/program files/microchip/xc8/v3.10/avr/bin/../lib/gcc/avr/5.4.0/../../../../avr/lib/avr5\libm.a(mulsf3x.o)
 .bss           0x0000000000000000        0x0 c:/program files/microchip/xc8/v3.10/avr/bin/../lib/gcc/avr/5.4.0/../../../../avr/lib/avr5\libm.a(mulsf3x.o)
 .stack.descriptors.hdr
                0x0000000000000000        0xe c:/program files/microchip/xc8/v3.10/avr/bin/../lib/gcc/avr/5.4.0/../../../../avr/lib/avr5\libm.a(mulsf3x.o)
 .stack.descriptors
                0x0000000000000000       0x31 c:/program files/microchip/xc8/v3.10/avr/bin/../lib/gcc/avr/5.4.0/../../../../avr/lib/avr5\libm.a(mulsf3x.o)
 .note.GNU-stack
                0x0000000000000000        0x0 c:/program files/microchip/xc8/v3.10/avr/bin/../lib/gcc/avr/5.4.0/../../../../avr/lib/avr5\libm.a(mulsf3x.o)
 .text          0x0000000000000000        0x0 c:/program files/microchip/xc8/v3.10/avr/bin/../lib/gcc/avr/5.4.0/avr5\libgcc.a(_divmodhi4.o)
 .data          0x0000000000000000        0x0 c:/program files/microchip/xc8/v3.10/avr/bin/../lib/gcc/avr/5.4.0/avr5\libgcc.a(_divmodhi4.o)
 .bss           0x0000000000000000        0x0 c:/program files/microchip/xc8/v3.10/avr/bin/../lib/gcc/avr/5.4.0/avr5\libgcc.a(_divmodhi4.o)
 .text.libgcc.mul
                0x0000000000000000        0x0 c:/program files/microchip/xc8/v3.10/avr/bin/../lib/gcc/avr/5.4.0/avr5\libgcc.a(_divmodhi4.o)
 .text.libgcc.div
                0x0000000000000000       0x28 c:/program files/microchip/xc8/v3.10/avr/bin/../lib/gcc/avr/5.4.0/avr5\libgcc.a(_divmodhi4.o)
 .stack.descriptors.hdr
                0x0000000000000000        0xe c:/program files/microchip/xc8/v3.10/avr/bin/../lib/gcc/avr/5.4.0/avr5\libgcc.a(_divmodhi4.o)
 .stack.descriptors
                0x0000000000000000       0x19 c:/program files/microchip/xc8/v3.10/avr/bin/../lib/gcc/avr/5.4.0/avr5\libgcc.a(_divmodhi4.o)
 .text.libgcc   0x0000000000000000        0x0 c:/program files/microchip/xc8/v3.10/avr/bin/../lib/gcc/avr/5.4.0/avr5\libgcc.a(_divmodhi4.o)
 .text.libgcc.prologue
                0x0000000000000000        0x0 c:/program files/microchip/xc8/v3.10/avr/bin/../lib/gcc/avr/5.4.0/avr5\libgcc.a(_divmodhi4.o)
 .text.libgcc.builtins
                0x0000000000000000        0x0 c:/program files/microchip/xc8/v3.10/avr/bin/../lib/gcc/avr/5.4.0/avr5\libgcc.a(_divmodhi4.o)
 .text.libgcc.fmul
                0x0000000000000000        0x0 c:/program files/microchip/xc8/v3.10/avr/bin/../lib/gcc/avr/5.4.0/avr5\libgcc.a(_divmodhi4.o)
 .text.libgcc.fixed
                0x0000000000000000        0x0 c:/program files/microchip/xc8/v3.10/avr/bin/../lib/gcc/avr/5.4.0/avr5\libgcc.a(_divmodhi4.o)
 .text          0x0000000000000000        0x0 c:/program files/microchip/xc8/v3.10/avr/bin/../lib/gcc/avr/5.4.0/avr5\libgcc.a(_udivmodsi4.o)
 .data          0x0000000000000000        0x0 c:/program files/microchip/xc8/v3.10/avr/bin/../lib/gcc/avr/5.4.0/avr5\libgcc.a(_udivmodsi4.o)
 .bss           0x0000000000000000        0x0 c:/program files/microchip/xc8/v3.10/avr/bin/../lib/gcc/avr/5.4.0/avr5\libgcc.a(_udivmodsi4.o)
 .text.libgcc.mul
                0x0000000000000000        0x0 c:/program files/microchip/xc8/v3.10/avr/bin/../lib/gcc/avr/5.4.0/avr5\libgcc.a(_udivmodsi4.o)
 .stack.descriptors
                0x0000000000000000       0x1a c:/program files/microchip/xc8/v3.10/avr/bin/../lib/gcc/avr/5.4.0/avr5\libgcc.a(_udivmodsi4.o)
 .text.libgcc   0x0000000000000000        0x0 c:/program files/microchip/xc8/v3.10/avr/bin/../lib/gcc/avr/5.4.0/avr5\libgcc.a(_udivmodsi4.o)
 .text.libgcc.prologue
                0x0000000000000000        0x0 c:/program files/microchip/xc8/v3.10/avr/bin/../lib/gcc/avr/5.4.0/avr5\libgcc.a(_udivmodsi4.o)
 .text.libgcc.builtins
                0x0000000000000000        0x0 c:/program files/microchip/xc8/v3.10/avr/bin/../lib/gcc/avr/5.4.0/avr5\libgcc.a(_udivmodsi4.o)
 .text.libgcc.fmul
                0x0000000000000000        0x0 c:/program files/microchip/xc8/v3.10/avr/bin/../lib/gcc/avr/5.4.0/avr5\libgcc.a(_udivmodsi4.o)
 .text.libgcc.fixed
                0x0000000000000000        0x0 c:/program files/microchip/xc8/v3.10/avr/bin/../lib/gcc/avr/5.4.0/avr5\libgcc.a(_udivmodsi4.o)
 .text          0x0000000000000000        0x0 c:/program files/microchip/xc8/v3.10/avr/bin/../lib/gcc/avr/5.4.0/avr5\libgcc.a(_copy_data.o)
 .data          0x0000000000000000        0x0 c:/program files/microchip/xc8/v3.10/avr/bin/../lib/gcc/avr/5.4.0/avr5\libgcc.a(_copy_data.o)
 .bss           0x0000000000000000        0x0 c:/program files/microchip/xc8/v3.10/avr/bin/../lib/gcc/avr/5.4.0/avr5\libgcc.a(_copy_data.o)
 .text.libgcc.mul
                0x0000000000000000        0x0 c:/program files/microchip/xc8/v3.10/avr/bin/../lib/gcc/avr/5.4.0/avr5\libgcc.a(_copy_data.o)
 .text.libgcc.div
                0x0000000000000000        0x0 c:/program files/microchip/xc8/v3.10/avr/bin/../lib/gcc/avr/5.4.0/avr5\libgcc.a(_copy_data.o)
 .text.libgcc   0x0000000000000000        0x0 c:/program files/microchip/xc8/v3.10/avr/bin/../lib/gcc/avr/5.4.0/avr5\libgcc.a(_copy_data.o)
 .text.libgcc.prologue
                0x0000000000000000        0x0 c:/program files/microchip/xc8/v3.10/avr/bin/../lib/gcc/avr/5.4.0/avr5\libgcc.a(_copy_data.o)
 .text.libgcc.builtins
                0x0000000000000000        0x0 c:/program files/microchip/xc8/v3.10/avr/bin/../lib/gcc/avr/5.4.0/avr5\libgcc.a(_copy_data.o)
 .text.libgcc.fmul
                0x0000000000000000        0x0 c:/program files/microchip/xc8/v3.10/avr/bin/../lib/gcc/avr/5.4.0/avr5\libgcc.a(_copy_data.o)
 .text.libgcc.fixed
                0x0000000000000000        0x0 c:/program files/microchip/xc8/v3.10/avr/bin/../lib/gcc/avr/5.4.0/avr5\libgcc.a(_copy_data.o)
 .text          0x0000000000000000        0x0 c:/program files/microchip/xc8/v3.10/avr/bin/../lib/gcc/avr/5.4.0/avr5\libgcc.a(_umulhisi3.o)
 .data          0x0000000000000000        0x0 c:/program files/microchip/xc8/v3.10/avr/bin/../lib/gcc/avr/5.4.0/avr5\libgcc.a(_umulhisi3.o)
 .bss           0x0000000000000000        0x0 c:/program files/microchip/xc8/v3.10/avr/bin/../lib/gcc/avr/5.4.0/avr5\libgcc.a(_umulhisi3.o)
 .stack.descriptors
                0x0000000000000000       0x19 c:/program files/microchip/xc8/v3.10/avr/bin/../lib/gcc/avr/5.4.0/avr5\libgcc.a(_umulhisi3.o)
 .text.libgcc.div
                0x0000000000000000        0x0 c:/program files/microchip/xc8/v3.10/avr/bin/../lib/gcc/avr/5.4.0/avr5\libgcc.a(_umulhisi3.o)
 .text.libgcc   0x0000000000000000        0x0 c:/program files/microchip/xc8/v3.10/avr/bin/../lib/gcc/avr/5.4.0/avr5\libgcc.a(_umulhisi3.o)
 .text.libgcc.prologue
                0x0000000000000000        0x0 c:/program files/microchip/xc8/v3.10/avr/bin/../lib/gcc/avr/5.4.0/avr5\libgcc.a(_umulhisi3.o)
 .text.libgcc.builtins
                0x0000000000000000        0x0 c:/program files/microchip/xc8/v3.10/avr/bin/../lib/gcc/avr/5.4.0/avr5\libgcc.a(_umulhisi3.o)
 .text.libgcc.fmul
                0x0000000000000000        0x0 c:/program files/microchip/xc8/v3.10/avr/bin/../lib/gcc/avr/5.4.0/avr5\libgcc.a(_umulhisi3.o)
 .text.libgcc.fixed
                0x0000000000000000        0x0 c:/program files/microchip/xc8/v3.10/avr/bin/../lib/gcc/avr/5.4.0/avr5\libgcc.a(_umulhisi3.o)
 .text          0x0000000000000000        0x0 c:/program files/microchip/xc8/v3.10/avr/bin/../lib/gcc/avr/5.4.0/avr5\libgcc.a(_muluhisi3.o)
 .data          0x0000000000000000        0x0 c:/program files/microchip/xc8/v3.10/avr/bin/../lib/gcc/avr/5.4.0/avr5\libgcc.a(_muluhisi3.o)
 .bss           0x0000000000000000        0x0 c:/program files/microchip/xc8/v3.10/avr/bin/../lib/gcc/avr/5.4.0/avr5\libgcc.a(_muluhisi3.o)
 .stack.descriptors
                0x0000000000000000       0x19 c:/program files/microchip/xc8/v3.10/avr/bin/../lib/gcc/avr/5.4.0/avr5\libgcc.a(_muluhisi3.o)
 .text.libgcc.div
                0x0000000000000000        0x0 c:/program files/microchip/xc8/v3.10/avr/bin/../lib/gcc/avr/5.4.0/avr5\libgcc.a(_muluhisi3.o)
 .text.libgcc   0x0000000000000000        0x0 c:/program files/microchip/xc8/v3.10/avr/bin/../lib/gcc/avr/5.4.0/avr5\libgcc.a(_muluhisi3.o)
 .text.libgcc.prologue
                0x0000000000000000        0x0 c:/program files/microchip/xc8/v3.10/avr/bin/../lib/gcc/avr/5.4.0/avr5\libgcc.a(_muluhisi3.o)
 .text.libgcc.builtins
                0x0000000000000000        0x0 c:/program files/microchip/xc8/v3.10/avr/bin/../lib/gcc/avr/5.4.0/avr5\libgcc.a(_muluhisi3.o)
 .text.libgcc.fmul
                0x0000000000000000        0x0 c:/program files/microchip/xc8/v3.10/avr/bin/../lib/gcc/avr/5.4.0/avr5\libgcc.a(_muluhisi3.o)
 .text.libgcc.fixed
                0x0000000000000000        0x0 c:/program files/microchip/xc8/v3.10/avr/bin/../lib/gcc/avr/5.4.0/avr5\libgcc.a(_muluhisi3.o)
 .text          0x0000000000000000        0x0 c:/program files/microchip/xc8/v3.10/avr/bin/../lib/gcc/avr/5.4.0/avr5\libgcc.a(_udivmodhi4.o)
 .data          0x0000000000000000        0x0 c:/program files/microchip/xc8/v3.10/avr/bin/../lib/gcc/avr/5.4.0/avr5\libgcc.a(_udivmodhi4.o)
 .bss           0x0000000000000000        0x0 c:/program files/microchip/xc8/v3.10/avr/bin/../lib/gcc/avr/5.4.0/avr5\libgcc.a(_udivmodhi4.o)
 .text.libgcc.mul
                0x0000000000000000        0x0 c:/program files/microchip/xc8/v3.10/avr/bin/../lib/gcc/avr/5.4.0/avr5\libgcc.a(_udivmodhi4.o)
 .text.libgcc.div
                0x0000000000000000       0x28 c:/program files/microchip/xc8/v3.10/avr/bin/../lib/gcc/avr/5.4.0/avr5\libgcc.a(_udivmodhi4.o)
 .stack.descriptors.hdr
                0x0000000000000000        0xe c:/program files/microchip/xc8/v3.10/avr/bin/../lib/gcc/avr/5.4.0/avr5\libgcc.a(_udivmodhi4.o)
 .stack.descriptors
                0x0000000000000000       0x1a c:/program files/microchip/xc8/v3.10/avr/bin/../lib/gcc/avr/5.4.0/avr5\libgcc.a(_udivmodhi4.o)
 .text.libgcc   0x0000000000000000        0x0 c:/program files/microchip/xc8/v3.10/avr/bin/../lib/gcc/avr/5.4.0/avr5\libgcc.a(_udivmodhi4.o)
 .text.libgcc.prologue
                0x0000000000000000        0x0 c:/program files/microchip/xc8/v3.10/avr/bin/../lib/gcc/avr/5.4.0/avr5\libgcc.a(_udivmodhi4.o)
 .text.libgcc.builtins
                0x0000000000000000        0x0 c:/program files/microchip/xc8/v3.10/avr/bin/../lib/gcc/avr/5.4.0/avr5\libgcc.a(_udivmodhi4.o)
 .text.libgcc.fmul
                0x0000000000000000        0x0 c:/program files/microchip/xc8/v3.10/avr/bin/../lib/gcc/avr/5.4.0/avr5\libgcc.a(_udivmodhi4.o)
 .text.libgcc.fixed
                0x0000000000000000        0x0 c:/program files/microchip/xc8/v3.10/avr/bin/../lib/gcc/avr/5.4.0/avr5\libgcc.a(_udivmodhi4.o)
 .text          0x0000000000000000        0x0 c:/program files/microchip/xc8/v3.10/avr/bin/../lib/gcc/avr/5.4.0/../../../../avr/lib/avr5\libc.a(exit.o)
 .data          0x0000000000000000        0x0 c:/program files/microchip/xc8/v3.10/avr/bin/../lib/gcc/avr/5.4.0/../../../../avr/lib/avr5\libc.a(exit.o)
 .bss           0x0000000000000000        0x0 c:/program files/microchip/xc8/v3.10/avr/bin/../lib/gcc/avr/5.4.0/../../../../avr/lib/avr5\libc.a(exit.o)
 .stack.descriptors
                0x0000000000000000       0x73 c:/program files/microchip/xc8/v3.10/avr/bin/../lib/gcc/avr/5.4.0/../../../../avr/lib/avr5\libc.a(exit.o)
 .text          0x0000000000000000        0x0 c:/program files/microchip/xc8/v3.10/avr/bin/../lib/gcc/avr/5.4.0/../../../../avr/lib/avr5\libc.a(_Exit.o)
 .data          0x0000000000000000        0x0 c:/program files/microchip/xc8/v3.10/avr/bin/../lib/gcc/avr/5.4.0/../../../../avr/lib/avr5\libc.a(_Exit.o)
 .bss           0x0000000000000000        0x0 c:/program files/microchip/xc8/v3.10/avr/bin/../lib/gcc/avr/5.4.0/../../../../avr/lib/avr5\libc.a(_Exit.o)
 .stack.descriptors
                0x0000000000000000       0x13 c:/program files/microchip/xc8/v3.10/avr/bin/../lib/gcc/avr/5.4.0/../../../../avr/lib/avr5\libc.a(_Exit.o)
 .text          0x0000000000000000        0x0 c:/program files/microchip/xc8/v3.10/avr/bin/../lib/gcc/avr/5.4.0/avr5\libgcc.a(_exit.o)
 .data          0x0000000000000000        0x0 c:/program files/microchip/xc8/v3.10/avr/bin/../lib/gcc/avr/5.4.0/avr5\libgcc.a(_exit.o)
 .bss           0x0000000000000000        0x0 c:/program files/microchip/xc8/v3.10/avr/bin/../lib/gcc/avr/5.4.0/avr5\libgcc.a(_exit.o)
 .text.libgcc.mul
                0x0000000000000000        0x0 c:/program files/microchip/xc8/v3.10/avr/bin/../lib/gcc/avr/5.4.0/avr5\libgcc.a(_exit.o)
 .text.libgcc.div
                0x0000000000000000        0x0 c:/program files/microchip/xc8/v3.10/avr/bin/../lib/gcc/avr/5.4.0/avr5\libgcc.a(_exit.o)
 .text.libgcc   0x0000000000000000        0x0 c:/program files/microchip/xc8/v3.10/avr/bin/../lib/gcc/avr/5.4.0/avr5\libgcc.a(_exit.o)
 .text.libgcc.prologue
                0x0000000000000000        0x0 c:/program files/microchip/xc8/v3.10/avr/bin/../lib/gcc/avr/5.4.0/avr5\libgcc.a(_exit.o)
 .stack.descriptors
                0x0000000000000000       0x13 c:/program files/microchip/xc8/v3.10/avr/bin/../lib/gcc/avr/5.4.0/avr5\libgcc.a(_exit.o)
 .text.libgcc.builtins
                0x0000000000000000        0x0 c:/program files/microchip/xc8/v3.10/avr/bin/../lib/gcc/avr/5.4.0/avr5\libgcc.a(_exit.o)
 .text.libgcc.fmul
                0x0000000000000000        0x0 c:/program files/microchip/xc8/v3.10/avr/bin/../lib/gcc/avr/5.4.0/avr5\libgcc.a(_exit.o)
 .text.libgcc.fixed
                0x0000000000000000        0x0 c:/program files/microchip/xc8/v3.10/avr/bin/../lib/gcc/avr/5.4.0/avr5\libgcc.a(_exit.o)

Memory Configuration

Name             Origin             Length             Attributes
text             0x0000000000000000 0x0000000000008000 xr
data             0x0000000000800100 0x0000000000000a00 rw !x
eeprom           0x0000000000810000 0x0000000000000400 rw !x
fuse             0x0000000000820000 0x0000000000000003 rw !x
lock             0x0000000000830000 0x0000000000000400 rw !x
signature        0x0000000000840000 0x0000000000000400 rw !x
user_signatures  0x0000000000850000 0x0000000000000400 rw !x
bootrow          0x0000000000860000 0x0000000000000400 rw !x
*default*        0x0000000000000000 0xffffffffffffffff

Linker script and memory map

Address of section .data set to 0x800100
LOAD C:/Program Files/Microchip/MPLABX/v6.30/packs/Microchip/ATmega_DFP/3.5.296/xc8/avr/lib/avr5/crtatmega32u4.o
                0x0000000000000001                __MPLAB_BUILD = 0x1
LOAD build/default/debug/lcd.o
LOAD build/default/debug/buttons.o
LOAD build/default/debug/i2c.o
LOAD build/default/debug/test_main.o
LOAD build/default/debug/API/core/VL53L1X_api.o
LOAD build/default/debug/API/core/VL53L1X_calibration.o
LOAD build/default/debug/API/platform/vl53l1_platform.o
START GROUP
LOAD c:/program files/microchip/xc8/v3.10/avr/bin/../lib/gcc/avr/5.4.0/../../../../avr/lib/avr5\libm.a
END GROUP
                0x0000000000000001                __MPLAB_DEBUG = 0x1
                0x0000000000000001                __DEBUG = 0x1
                0x0000000000000001                __MPLAB_DEBUGGER_SIMULATOR = 0x1
START GROUP
LOAD c:/program files/microchip/xc8/v3.10/avr/bin/../lib/gcc/avr/5.4.0/avr5\libgcc.a
LOAD c:/program files/microchip/xc8/v3.10/avr/bin/../lib/gcc/avr/5.4.0/../../../../avr/lib/avr5\libm.a
LOAD c:/program files/microchip/xc8/v3.10/avr/bin/../lib/gcc/avr/5.4.0/../../../../avr/lib/avr5\libc.a
LOAD C:/Program Files/Microchip/MPLABX/v6.30/packs/Microchip/ATmega_DFP/3.5.296/xc8/avr/lib/avr5\libatmega32u4.a
END GROUP
                0x0000000000000000                __TEXT_REGION_ORIGIN__ = DEFINED (__TEXT_REGION_ORIGIN__)?__TEXT_REGION_ORIGIN__:0x0
                [0x0000000000800100]                __DATA_REGION_ORIGIN__ = DEFINED (__DATA_REGION_ORIGIN__)?__DATA_REGION_ORIGIN__:0x800060
                [0x0000000000008000]                __TEXT_REGION_LENGTH__ = DEFINED (__TEXT_REGION_LENGTH__)?__TEXT_REGION_LENGTH__:0x20000
                [0x0000000000000a00]                __DATA_REGION_LENGTH__ = DEFINED (__DATA_REGION_LENGTH__)?__DATA_REGION_LENGTH__:0xffa0
                [0x0000000000000400]                __EEPROM_REGION_LENGTH__ = DEFINED (__EEPROM_REGION_LENGTH__)?__EEPROM_REGION_LENGTH__:0x10000
                [0x0000000000000003]                __FUSE_REGION_LENGTH__ = DEFINED (__FUSE_REGION_LENGTH__)?__FUSE_REGION_LENGTH__:0x400
                0x0000000000000400                __LOCK_REGION_LENGTH__ = DEFINED (__LOCK_REGION_LENGTH__)?__LOCK_REGION_LENGTH__:0x400
                0x0000000000000400                __SIGNATURE_REGION_LENGTH__ = DEFINED (__SIGNATURE_REGION_LENGTH__)?__SIGNATURE_REGION_LENGTH__:0x400
                0x0000000000000400                __USER_SIGNATURE_REGION_LENGTH__ = DEFINED (__USER_SIGNATURE_REGION_LENGTH__)?__USER_SIGNATURE_REGION_LENGTH__:0x400
                0x0000000000000400                __BOOTROW_REGION_LENGTH__ = DEFINED (__BOOTROW_REGION_LENGTH__)?__BOOTROW_REGION_LENGTH__:0x400

.hash
 *(.hash)

.dynsym
 *(.dynsym)

.dynstr
 *(.dynstr)

.gnu.version
 *(.gnu.version)

.gnu.version_d
 *(.gnu.version_d)

.gnu.version_r
 *(.gnu.version_r)

.rel.init
 *(.rel.init)

.rela.init
 *(.rela.init)

.rel.text
 *(.rel.text)
 *(.rel.text.*)
 *(.rel.gnu.linkonce.t*)

.rela.text
 *(.rela.text)
 *(.rela.text.*)
 *(.rela.gnu.linkonce.t*)

.rel.fini
 *(.rel.fini)

.rela.fini
 *(.rela.fini)

.rel.rodata
 *(.rel.rodata)
 *(.rel.rodata.*)
 *(.rel.gnu.linkonce.r*)

.rela.rodata
 *(.rela.rodata)
 *(.rela.rodata.*)
 *(.rela.gnu.linkonce.r*)

.rel.data
 *(.rel.data)
 *(.rel.data.*)
 *(.rel.gnu.linkonce.d*)

.rela.data
 *(.rela.data)
 *(.rela.data.*)
 *(.rela.gnu.linkonce.d*)

.rel.ctors
 *(.rel.ctors)

.rela.ctors
 *(.rela.ctors)

.rel.dtors
 *(.rel.dtors)

.rela.dtors
 *(.rela.dtors)

.rel.got
 *(.rel.got)

.rela.got
 *(.rela.got)

.rel.bss
 *(.rel.bss)

.rela.bss
 *(.rela.bss)

.rel.plt
 *(.rel.plt)

.rela.plt
 *(.rela.plt)

.text           0x0000000000000000      0x124
 *(.vectors)
 .vectors       0x0000000000000000       0xac C:/Program Files/Microchip/MPLABX/v6.30/packs/Microchip/ATmega_DFP/3.5.296/xc8/avr/lib/avr5/crtatmega32u4.o
                0x0000000000000000                __vector_default
                0x0000000000000000                __vectors
 *(.vectors)
 *(.progmem.gcc*)
 *(.dinit)
 .dinit         0x00000000000000ac       0x24 data_init
                0x00000000000000d0                . = ALIGN (0x2)
 *fill*         0x00000000000000d0        0x0 
                0x00000000000000d0                __trampolines_start = .
 *(.trampolines)
 .trampolines   0x00000000000000d0        0x0 linker stubs
 *(.trampolines*)
                0x00000000000000d0                __trampolines_end = .
 *libprintf_flt.a:*(.progmem.data)
 *libc.a:*(.progmem.data)
                0x00000000000000d0                . = ALIGN (0x2)
 *(.jumptables)
 *(.jumptables*)
 *(.lowtext)
 *(.lowtext*)
                0x00000000000000d0                __ctors_start = .
 *(.ctors)
                0x00000000000000d0                __ctors_end = .
                0x00000000000000d0                __dtors_start = .
 *(.dtors)
                0x00000000000000d0                __dtors_end = .
 SORT(*)(.ctors)
 SORT(*)(.dtors)
 *(.init0)
 .init0         0x00000000000000d0        0x0 C:/Program Files/Microchip/MPLABX/v6.30/packs/Microchip/ATmega_DFP/3.5.296/xc8/avr/lib/avr5/crtatmega32u4.o
                0x00000000000000d0                __init
 *(.init0)
 *(.init1)
 *(.init1)
 *(.init2)
 .init2         0x00000000000000d0        0xc C:/Program Files/Microchip/MPLABX/v6.30/packs/Microchip/ATmega_DFP/3.5.296/xc8/avr/lib/avr5/crtatmega32u4.o
 *(.init2)
 *(.init3)
 *(.init3)
 *(.init4)
 .init4         0x00000000000000dc       0x3c c:/program files/microchip/xc8/v3.10/avr/bin/../lib/gcc/avr/5.4.0/avr5\libgcc.a(_copy_data.o)
                0x00000000000000dc                __do_copy_data
                0x000000000000010a                __do_clear_bss
 *(.init4)
 *(.init5)
 *(.init5)
 *(.init6)
 *(.init6)
 *(.init7)
 *(.init7)
 *(.init8)
 *(.init8)
 *(.init9)
 .init9         0x0000000000000118        0x8 C:/Program Files/Microchip/MPLABX/v6.30/packs/Microchip/ATmega_DFP/3.5.296/xc8/avr/lib/avr5/crtatmega32u4.o
 *(.init9)
                0x0000000000000120                . = ALIGN (0x2)
 *(.fini9)
 .fini9         0x0000000000000120        0x0 c:/program files/microchip/xc8/v3.10/avr/bin/../lib/gcc/avr/5.4.0/avr5\libgcc.a(_exit.o)
                0x0000000000000120                _exit
 *(.fini9)
 *(.fini8)
 *(.fini8)
 *(.fini7)
 *(.fini7)
 *(.fini6)
 *(.fini6)
 *(.fini5)
 *(.fini5)
 *(.fini4)
 *(.fini4)
 *(.fini3)
 *(.fini3)
 *(.fini2)
 *(.fini2)
 *(.fini1)
 *(.fini1)
 *(.fini0)
 .fini0         0x0000000000000120        0x4 c:/program files/microchip/xc8/v3.10/avr/bin/../lib/gcc/avr/5.4.0/avr5\libgcc.a(_exit.o)
 *(.fini0)
                0x0000000000000124                _etext = .

.data           0x0000000000800100        0x0 load address 0x0000000000000124
                [!provide]                        PROVIDE (__data_start, .)
 *(.gnu.linkonce.d*)
 *(.gnu.linkonce.r*)
                0x0000000000800100                . = ALIGN (0x2)
                0x0000000000800100                _edata = .
                [!provide]                        PROVIDE (__data_end, .)

.bss            0x0000000000800100        0x0
                [!provide]                        PROVIDE (__bss_start, .)
 *(COMMON)
                [!provide]                        PROVIDE (__bss_end, .)
                0x0000000000000124                __data_load_start = LOADADDR (.data)
                0x0000000000000124                __data_load_end = (__data_load_start + SIZEOF (.data))

.noinit         0x0000000000800100        0x0
                [!provide]                        PROVIDE (__noinit_start, .)
 *(.noinit*)
                [!provide]                        PROVIDE (__noinit_end, .)
                0x0000000000800100                _end = .

.eeprom         0x0000000000810000        0x0
 *(.eeprom*)
                0x0000000000810000                __eeprom_end = .

.fuse
 *(.fuse)
 *(.lfuse)
 *(.hfuse)
 *(.efuse)

.lock
 *(.lock*)

.signature
 *(.signature*)

.user_signatures
 *(.user_signatures*)

.bootrow
 *(.bootrow*)

.stab
 *(.stab)

.stabstr
 *(.stabstr)

.stab.excl
 *(.stab.excl)

.stab.exclstr
 *(.stab.exclstr)

.stab.index
 *(.stab.index)

.stab.indexstr
 *(.stab.indexstr)

.comment        0x0000000000000000       0x5b
 *(.comment)
 .comment       0x0000000000000000       0x2f build/default/debug/lcd.o
                                         0x30 (size before relaxing)
 .comment       0x000000000000002f       0x30 build/default/debug/buttons.o
 .comment       0x000000000000002f       0x30 build/default/debug/i2c.o
 .comment       0x000000000000002f       0x30 build/default/debug/test_main.o
 .comment       0x000000000000002f       0x2c c:/program files/microchip/xc8/v3.10/avr/bin/../lib/gcc/avr/5.4.0/../../../../avr/lib/avr5\libc.a(exit.o)
                                         0x2d (size before relaxing)
 .comment       0x000000000000005b       0x2d c:/program files/microchip/xc8/v3.10/avr/bin/../lib/gcc/avr/5.4.0/../../../../avr/lib/avr5\libc.a(_Exit.o)

.stack.descriptors.hdr
                0x0000000000000000       0x54
 .stack.descriptors.hdr
                0x0000000000000000        0xe c:/program files/microchip/xc8/v3.10/avr/bin/../lib/gcc/avr/5.4.0/avr5\libgcc.a(_udivmodsi4.o)
 .stack.descriptors.hdr
                0x000000000000000e        0xe c:/program files/microchip/xc8/v3.10/avr/bin/../lib/gcc/avr/5.4.0/avr5\libgcc.a(_umulhisi3.o)
 .stack.descriptors.hdr
                0x000000000000001c        0xe c:/program files/microchip/xc8/v3.10/avr/bin/../lib/gcc/avr/5.4.0/avr5\libgcc.a(_muluhisi3.o)
 .stack.descriptors.hdr
                0x000000000000002a        0xe c:/program files/microchip/xc8/v3.10/avr/bin/../lib/gcc/avr/5.4.0/../../../../avr/lib/avr5\libc.a(exit.o)
 .stack.descriptors.hdr
                0x0000000000000038        0xe c:/program files/microchip/xc8/v3.10/avr/bin/../lib/gcc/avr/5.4.0/../../../../avr/lib/avr5\libc.a(_Exit.o)
 .stack.descriptors.hdr
                0x0000000000000046        0xe c:/program files/microchip/xc8/v3.10/avr/bin/../lib/gcc/avr/5.4.0/avr5\libgcc.a(_exit.o)

.note.GNU-stack
                0x0000000000000000        0x0
 .note.GNU-stack
                0x0000000000000000        0x0 c:/program files/microchip/xc8/v3.10/avr/bin/../lib/gcc/avr/5.4.0/../../../../avr/lib/avr5\libc.a(exit.o)
 .note.GNU-stack
                0x0000000000000000        0x0 c:/program files/microchip/xc8/v3.10/avr/bin/../lib/gcc/avr/5.4.0/../../../../avr/lib/avr5\libc.a(_Exit.o)

.note.gnu.build-id
 *(.note.gnu.build-id)

.debug
 *(.debug)

.line
 *(.line)

.debug_srcinfo
 *(.debug_srcinfo)

.debug_sfnames
 *(.debug_sfnames)

.debug_aranges  0x0000000000000000      0x138
 *(.debug_aranges)
 .debug_aranges
                0x0000000000000000       0x78 build/default/debug/lcd.o
 .debug_aranges
                0x0000000000000078       0x28 build/default/debug/buttons.o
 .debug_aranges
                0x00000000000000a0       0x60 build/default/debug/i2c.o
 .debug_aranges
                0x0000000000000100       0x38 build/default/debug/test_main.o

.debug_pubnames
 *(.debug_pubnames)

.debug_info     0x0000000000000000     0x2c4d
 *(.debug_info .gnu.linkonce.wi.*)
 .debug_info    0x0000000000000000      0x9f4 C:/Program Files/Microchip/MPLABX/v6.30/packs/Microchip/ATmega_DFP/3.5.296/xc8/avr/lib/avr5/crtatmega32u4.o
 .debug_info    0x00000000000009f4      0xcb9 build/default/debug/lcd.o
 .debug_info    0x00000000000016ad      0x37b build/default/debug/buttons.o
 .debug_info    0x0000000000001a28      0x5cf build/default/debug/i2c.o
 .debug_info    0x0000000000001ff7      0xc56 build/default/debug/test_main.o

.debug_abbrev   0x0000000000000000      0xf0d
 *(.debug_abbrev)
 .debug_abbrev  0x0000000000000000      0x96a C:/Program Files/Microchip/MPLABX/v6.30/packs/Microchip/ATmega_DFP/3.5.296/xc8/avr/lib/avr5/crtatmega32u4.o
 .debug_abbrev  0x000000000000096a      0x1c0 build/default/debug/lcd.o
 .debug_abbrev  0x0000000000000b2a       0x98 build/default/debug/buttons.o
 .debug_abbrev  0x0000000000000bc2      0x11e build/default/debug/i2c.o
 .debug_abbrev  0x0000000000000ce0      0x22d build/default/debug/test_main.o

.debug_line     0x0000000000000000      0xd6c
 *(.debug_line .debug_line.* .debug_line_end)
 .debug_line    0x0000000000000000      0x19a C:/Program Files/Microchip/MPLABX/v6.30/packs/Microchip/ATmega_DFP/3.5.296/xc8/avr/lib/avr5/crtatmega32u4.o
 .debug_line    0x000000000000019a      0x3ed build/default/debug/lcd.o
 .debug_line    0x0000000000000587      0x120 build/default/debug/buttons.o
 .debug_line    0x00000000000006a7      0x29a build/default/debug/i2c.o
 .debug_line    0x0000000000000941      0x42b build/default/debug/test_main.o

.debug_frame    0x0000000000000000      0x324
 *(.debug_frame)
 .debug_frame   0x0000000000000000      0x188 build/default/debug/lcd.o
 .debug_frame   0x0000000000000188       0x34 build/default/debug/buttons.o
 .debug_frame   0x00000000000001bc       0xec build/default/debug/i2c.o
 .debug_frame   0x00000000000002a8       0x7c build/default/debug/test_main.o

.debug_str      0x0000000000000000      0x42f
 *(.debug_str)
 .debug_str     0x0000000000000000      0x371 C:/Program Files/Microchip/MPLABX/v6.30/packs/Microchip/ATmega_DFP/3.5.296/xc8/avr/lib/avr5/crtatmega32u4.o
 .debug_str     0x0000000000000371       0x43 build/default/debug/lcd.o
 .debug_str     0x00000000000003b4        0x0 build/default/debug/buttons.o
 .debug_str     0x00000000000003b4        0x9 build/default/debug/i2c.o
 .debug_str     0x00000000000003bd       0x72 build/default/debug/test_main.o

.debug_loc      0x0000000000000000      0xc5c
 *(.debug_loc)
 .debug_loc     0x0000000000000000      0x779 build/default/debug/lcd.o
 .debug_loc     0x0000000000000779       0x69 build/default/debug/buttons.o
 .debug_loc     0x00000000000007e2      0x211 build/default/debug/i2c.o
 .debug_loc     0x00000000000009f3      0x269 build/default/debug/test_main.o

.debug_macinfo
 *(.debug_macinfo)

.debug_weaknames
 *(.debug_weaknames)

.debug_funcnames
 *(.debug_funcnames)

.debug_typenames
 *(.debug_typenames)

.debug_varnames
 *(.debug_varnames)

.debug_pubtypes
 *(.debug_pubtypes)

.debug_ranges   0x0000000000000000      0x140
 *(.debug_ranges)
 .debug_ranges  0x0000000000000000       0x68 build/default/debug/lcd.o
 .debug_ranges  0x0000000000000068       0x18 build/default/debug/buttons.o
 .debug_ranges  0x0000000000000080       0x50 build/default/debug/i2c.o
 .debug_ranges  0x00000000000000d0       0x70 build/default/debug/test_main.o

.debug_macro
 *(.debug_macro)
OUTPUT(dist/default/debug/Afstandsmeter1.X.debug.elf elf32-avr)
LOAD linker stubs
LOAD data_init

.note.gnu.avr.deviceinfo
                0x0000000000000000       0x40
 .note.gnu.avr.deviceinfo
                0x0000000000000000       0x40 C:/Program Files/Microchip/MPLABX/v6.30/packs/Microchip/ATmega_DFP/3.5.296/xc8/avr/lib/avr5/crtatmega32u4.o

.bss.g_vol_result
                0x00000000008001d8        0x4
 .bss.g_vol_result
                0x00000000008001d8        0x4 build/default/debug/test_main.o
                0x00000000008001d8                g_vol_result

.bss.g_area_result
                0x00000000008001dc        0x4
 .bss.g_area_result
                0x00000000008001dc        0x4 build/default/debug/test_main.o
                0x00000000008001dc                g_area_result

.bss.g_meas_step
                0x00000000008001f1        0x1
 .bss.g_meas_step
                0x00000000008001f1        0x1 build/default/debug/test_main.o
                0x00000000008001f1                g_meas_step

.bss.g_meas_2   0x00000000008001e6        0x2
 .bss.g_meas_2  0x00000000008001e6        0x2 build/default/debug/test_main.o
                0x00000000008001e6                g_meas_2

.bss.g_meas_1   0x00000000008001e8        0x2
 .bss.g_meas_1  0x00000000008001e8        0x2 build/default/debug/test_main.o
                0x00000000008001e8                g_meas_1

.bss.g_meas_0   0x00000000008001ea        0x2
 .bss.g_meas_0  0x00000000008001ea        0x2 build/default/debug/test_main.o
                0x00000000008001ea                g_meas_0

.bss.g_menu_sel
                0x00000000008001f2        0x1
 .bss.g_menu_sel
                0x00000000008001f2        0x1 build/default/debug/test_main.o
                0x00000000008001f2                g_menu_sel

.bss.g_state    0x00000000008001f3        0x1
 .bss.g_state   0x00000000008001f3        0x1 build/default/debug/test_main.o
                0x00000000008001f3                g_state

.bss.g_last_event
                0x00000000008001f4        0x1
 .bss.g_last_event
                0x00000000008001f4        0x1 build/default/debug/test_main.o
                0x00000000008001f4                g_last_event

.bss.g_tick_counter
                0x00000000008001e0        0x4
 .bss.g_tick_counter
                0x00000000008001e0        0x4 build/default/debug/test_main.o
                0x00000000008001e0                g_tick_counter

.bss.g_tick_10ms
                0x00000000008001f5        0x1
 .bss.g_tick_10ms
                0x00000000008001f5        0x1 build/default/debug/test_main.o
                0x00000000008001f5                g_tick_10ms

.bss.mock_meas_count
                0x00000000008001f6        0x1
 .bss.mock_meas_count
                0x00000000008001f6        0x1 build/default/debug/test_main.o

.text.main      0x0000000000000124      0x396
 .text.main     0x0000000000000124      0x396 build/default/debug/test_main.o
                0x0000000000000124                main

.text.lcd_print_uint
                0x00000000000004ba       0xaa
 .text.lcd_print_uint
                0x00000000000004ba       0xaa build/default/debug/lcd.o
                0x00000000000004ba                lcd_print_uint

.text.lcd_init  0x0000000000000564       0xa4
 .text.lcd_init
                0x0000000000000564       0xa4 build/default/debug/lcd.o
                0x0000000000000564                lcd_init

.text.lcd_print_menu
                0x0000000000000608       0x7a
 .text.lcd_print_menu
                0x0000000000000608       0x7a build/default/debug/test_main.o

.text.buttons_get_event
                0x0000000000000682       0x6c
 .text.buttons_get_event
                0x0000000000000682       0x6c build/default/debug/buttons.o
                0x0000000000000682                buttons_get_event

.text.i2c_start
                0x00000000000006ee       0x5a
 .text.i2c_start
                0x00000000000006ee       0x5a build/default/debug/i2c.o
                0x00000000000006ee                i2c_start

.text.lcd_print_measuring
                0x0000000000000748       0x58
 .text.lcd_print_measuring
                0x0000000000000748       0x58 build/default/debug/test_main.o

.text.__vector_21
                0x00000000000007a0       0x4c
 .text.__vector_21
                0x00000000000007a0       0x4c build/default/debug/test_main.o
                0x00000000000007a0                __vector_21

.text.libgcc.div
                0x00000000000007ec       0x44
 .text.libgcc.div
                0x00000000000007ec       0x44 c:/program files/microchip/xc8/v3.10/avr/bin/../lib/gcc/avr/5.4.0/avr5\libgcc.a(_udivmodsi4.o)
                0x00000000000007ec                __udivmodsi4

.text.lcd_write_nibble
                0x0000000000000830       0x24
 .text.lcd_write_nibble
                0x0000000000000830       0x24 build/default/debug/lcd.o

.text.i2c_write
                0x0000000000000854       0x24
 .text.i2c_write
                0x0000000000000854       0x24 build/default/debug/i2c.o
                0x0000000000000854                i2c_write

.text.lcd_set_cursor
                0x0000000000000878       0x22
 .text.lcd_set_cursor
                0x0000000000000878       0x22 build/default/debug/lcd.o
                0x0000000000000878                lcd_set_cursor

.text.lcd_pulse_enable
                0x000000000000089a       0x20
 .text.lcd_pulse_enable
                0x000000000000089a       0x20 build/default/debug/lcd.o

.text.lcd_send  0x00000000000008ba       0x1e
 .text.lcd_send
                0x00000000000008ba       0x1e build/default/debug/lcd.o

.text.lcd_print
                0x00000000000008d8       0x1e
 .text.lcd_print
                0x00000000000008d8       0x1e build/default/debug/lcd.o
                0x00000000000008d8                lcd_print

.text.libgcc.mul
                0x00000000000008f6       0x1e
 .text.libgcc.mul
                0x00000000000008f6       0x1e c:/program files/microchip/xc8/v3.10/avr/bin/../lib/gcc/avr/5.4.0/avr5\libgcc.a(_umulhisi3.o)
                0x00000000000008f6                __umulhisi3

.text.pcf8574_write
                0x0000000000000914       0x18
 .text.pcf8574_write
                0x0000000000000914       0x18 build/default/debug/lcd.o

.text.lcd_clear
                0x000000000000092c       0x16
 .text.lcd_clear
                0x000000000000092c       0x16 build/default/debug/lcd.o
                0x000000000000092c                lcd_clear

.text.libgcc.mul
                0x0000000000000942       0x16
 .text.libgcc.mul
                0x0000000000000942       0x16 c:/program files/microchip/xc8/v3.10/avr/bin/../lib/gcc/avr/5.4.0/avr5\libgcc.a(_muluhisi3.o)
                0x0000000000000942                __muluhisi3

.text.exit      0x0000000000000958       0x16
 .text.exit     0x0000000000000958       0x16 c:/program files/microchip/xc8/v3.10/avr/bin/../lib/gcc/avr/5.4.0/../../../../avr/lib/avr5\libc.a(exit.o)
                0x0000000000000958                exit

.text.i2c_init  0x000000000000096e       0x12
 .text.i2c_init
                0x000000000000096e       0x12 build/default/debug/i2c.o
                0x000000000000096e                i2c_init

.text.lcd_print_char
                0x0000000000000980       0x10
 .text.lcd_print_char
                0x0000000000000980       0x10 build/default/debug/lcd.o
                0x0000000000000980                lcd_print_char

.text.buttons_init
                0x0000000000000990        0xa
 .text.buttons_init
                0x0000000000000990        0xa build/default/debug/buttons.o
                0x0000000000000990                buttons_init

.text.i2c_stop  0x000000000000099a        0x8
 .text.i2c_stop
                0x000000000000099a        0x8 build/default/debug/i2c.o
                0x000000000000099a                i2c_stop

.text           0x00000000000009a2        0x4
 .text          0x00000000000009a2        0x4 C:/Program Files/Microchip/MPLABX/v6.30/packs/Microchip/ATmega_DFP/3.5.296/xc8/avr/lib/avr5/crtatmega32u4.o
                0x00000000000009a2                __vector_38
                0x00000000000009a2                __vector_22
                0x00000000000009a2                __vector_28
                0x00000000000009a2                __vector_1
                0x00000000000009a2                __vector_32
                0x00000000000009a2                __vector_34
                0x00000000000009a2                __vector_24
                0x00000000000009a2                __vector_12
                0x00000000000009a2                __bad_interrupt
                0x00000000000009a2                __vector_6
                0x00000000000009a2                __vector_31
                0x00000000000009a2                __vector_35
                0x00000000000009a2                __vector_39
                0x00000000000009a2                __vector_3
                0x00000000000009a2                __vector_23
                0x00000000000009a2                __vector_30
                0x00000000000009a2                __vector_25
                0x00000000000009a2                __vector_11
                0x00000000000009a2                __vector_13
                0x00000000000009a2                __vector_17
                0x00000000000009a2                __vector_19
                0x00000000000009a2                __vector_7
                0x00000000000009a2                __vector_41
                0x00000000000009a2                __vector_27
                0x00000000000009a2                __vector_5
                0x00000000000009a2                __vector_33
                0x00000000000009a2                __vector_37
                0x00000000000009a2                __vector_4
                0x00000000000009a2                __vector_9
                0x00000000000009a2                __vector_2
                0x00000000000009a2                __vector_15
                0x00000000000009a2                __vector_36
                0x00000000000009a2                __vector_29
                0x00000000000009a2                __vector_40
                0x00000000000009a2                __vector_8
                0x00000000000009a2                __vector_26
                0x00000000000009a2                __vector_14
                0x00000000000009a2                __vector_10
                0x00000000000009a2                __vector_16
                0x00000000000009a2                __vector_18
                0x00000000000009a2                __vector_20
                0x00000000000009a2                __vector_42

.text._Exit     0x00000000000009a6        0x4
 .text._Exit    0x00000000000009a6        0x4 c:/program files/microchip/xc8/v3.10/avr/bin/../lib/gcc/avr/5.4.0/../../../../avr/lib/avr5\libc.a(_Exit.o)
                0x00000000000009a6                _Exit

.text.__dummy_fini
                0x00000000000009aa        0x2
 .text.__dummy_fini
                0x00000000000009aa        0x2 c:/program files/microchip/xc8/v3.10/avr/bin/../lib/gcc/avr/5.4.0/../../../../avr/lib/avr5\libc.a(exit.o)
                0x00000000000009aa                _fini

.text.__dummy_funcs_on_exit
                0x00000000000009ac        0x2
 .text.__dummy_funcs_on_exit
                0x00000000000009ac        0x2 c:/program files/microchip/xc8/v3.10/avr/bin/../lib/gcc/avr/5.4.0/../../../../avr/lib/avr5\libc.a(exit.o)
                0x00000000000009ac                __funcs_on_exit

.text.__dummy_simulator_exit
                0x00000000000009ae        0x2
 .text.__dummy_simulator_exit
                0x00000000000009ae        0x2 c:/program files/microchip/xc8/v3.10/avr/bin/../lib/gcc/avr/5.4.0/../../../../avr/lib/avr5\libc.a(exit.o)
                0x00000000000009ae                __simulator_exit

.rodata         0x0000000000800100       0xcc load address 0x00000000000009b0
 .rodata        0x0000000000800100       0xcc build/default/debug/test_main.o

.rodata.items.2696
                0x00000000008001cc        0x6 load address 0x0000000000000a7c
 .rodata.items.2696
                0x00000000008001cc        0x6 build/default/debug/test_main.o

.rodata.mock_distances
                0x00000000008001d2        0x6 load address 0x0000000000000a82
 .rodata.mock_distances
                0x00000000008001d2        0x6 build/default/debug/test_main.o

.rodata.row_offsets.2011
                0x00000000008001e4        0x2 load address 0x0000000000000a88
 .rodata.row_offsets.2011
                0x00000000008001e4        0x2 build/default/debug/lcd.o

.data.down_prev_state
                0x00000000008001ec        0x1 load address 0x0000000000000a8a
 .data.down_prev_state
                0x00000000008001ec        0x1 build/default/debug/buttons.o

.data.up_prev_state
                0x00000000008001ed        0x1 load address 0x0000000000000a8b
 .data.up_prev_state
                0x00000000008001ed        0x1 build/default/debug/buttons.o

.data.down_history
                0x00000000008001ee        0x1 load address 0x0000000000000a8c
 .data.down_history
                0x00000000008001ee        0x1 build/default/debug/buttons.o

.data.up_history
                0x00000000008001ef        0x1 load address 0x0000000000000a8d
 .data.up_history
                0x00000000008001ef        0x1 build/default/debug/buttons.o

.data.g_total_steps
                0x00000000008001f0        0x1 load address 0x0000000000000a8e
 .data.g_total_steps
                0x00000000008001f0        0x1 build/default/debug/test_main.o
                0x00000000008001f0                g_total_steps
